
Memory Configuration

Name             Origin             Length             Attributes
flash            0x00000000         0x20000000         xr
sram             0x20000000         0x20000000         xrw
*default*        0x00000000         0xffffffff

Linker script and memory map


.text           0x00000000      0x138
 *(.vectors*)
 .vectors       0x00000000       0x1c startup.o
                0x00000000                g_p_fn_vectors
 *(.text*)
 .text          0x0000001c       0x90 startup.o
                0x0000001c                NMI_Handler
                0x0000001c                H_Fault_Handler
                0x0000001c                Default_Hundler
                0x0000001c                MM_Fault_Handler
                0x0000001c                Bus_Fault
                0x0000001c                Usage_Fault_Handler
                0x00000028                Reset_Hundler
 .text          0x000000ac       0x8c main.o
                0x000000ac                main
                0x00000110                relay_count
 *(.rodata*)
                0x00000138                _E_TEXT = .

.glue_7         0x00000138        0x0
 .glue_7        0x00000138        0x0 linker stubs

.glue_7t        0x00000138        0x0
 .glue_7t       0x00000138        0x0 linker stubs

.vfp11_veneer   0x00000138        0x0
 .vfp11_veneer  0x00000138        0x0 linker stubs

.v4_bx          0x00000138        0x0
 .v4_bx         0x00000138        0x0 linker stubs

.iplt           0x00000138        0x0
 .iplt          0x00000138        0x0 startup.o

.rel.dyn        0x00000138        0x0
 .rel.iplt      0x00000138        0x0 startup.o

.data           0x20000000        0x0 load address 0x00000138
                0x20000000                _S_DATA = .
 *(.data*)
 .data          0x20000000        0x0 startup.o
 .data          0x20000000        0x0 main.o
                0x20000000                . = ALIGN (0x4)
                0x20000000                _E_DATA = .

.igot.plt       0x20000000        0x0 load address 0x00000138
 .igot.plt      0x20000000        0x0 startup.o

.bss            0x20000000      0x400 load address 0x00000138
                0x20000000                _S_BSS = .
 *(.bss*)
 .bss           0x20000000      0x400 startup.o
 .bss           0x20000400        0x0 main.o
                0x20000400                . = ALIGN (0x4)
                0x20000400                _E_BSS = .
LOAD startup.o
LOAD main.o
OUTPUT(main.elf elf32-littlearm)

.debug_info     0x00000000      0x2ae
 .debug_info    0x00000000      0x1c9 startup.o
 .debug_info    0x000001c9       0xe5 main.o

.debug_abbrev   0x00000000      0x177
 .debug_abbrev  0x00000000       0xe9 startup.o
 .debug_abbrev  0x000000e9       0x8e main.o

.debug_loc      0x00000000      0x104
 .debug_loc     0x00000000       0x7c startup.o
 .debug_loc     0x0000007c       0x88 main.o

.debug_aranges  0x00000000       0x40
 .debug_aranges
                0x00000000       0x20 startup.o
 .debug_aranges
                0x00000020       0x20 main.o

.debug_line     0x00000000       0xf3
 .debug_line    0x00000000       0x7b startup.o
 .debug_line    0x0000007b       0x78 main.o

.debug_str      0x00000000      0x1d5
 .debug_str     0x00000000      0x1a6 startup.o
                                0x1cd (size before relaxing)
 .debug_str     0x000001a6       0x2f main.o
                                0x174 (size before relaxing)

.comment        0x00000000       0x7e
 .comment       0x00000000       0x7e startup.o
                                 0x7f (size before relaxing)
 .comment       0x0000007e       0x7f main.o

.ARM.attributes
                0x00000000       0x33
 .ARM.attributes
                0x00000000       0x33 startup.o
 .ARM.attributes
                0x00000033       0x33 main.o

.debug_frame    0x00000000       0xa4
 .debug_frame   0x00000000       0x50 startup.o
 .debug_frame   0x00000050       0x54 main.o
